--------------------------------------------------------------------------------
Release 14.7 Trace  (nt64)
Copyright (c) 1995-2013 Xilinx, Inc.  All rights reserved.

C:\Xilinx\14.7\ISE_DS\ISE\bin\nt64\unwrapped\trce.exe -intstyle ise -v 3 -s 3
-n 3 -fastpaths -xml PICtop.twx PICtop.ncd -o PICtop.twr PICtop.pcf

Design file:              PICtop.ncd
Physical constraint file: PICtop.pcf
Device,package,speed:     xc6slx16,csg324,C,-3 (PRODUCTION 1.23 2013-10-13)
Report level:             verbose report

Environment Variable      Effect 
--------------------      ------ 
NONE                      No environment variables were set
--------------------------------------------------------------------------------

INFO:Timing:2698 - No timing constraints found, doing default enumeration.
INFO:Timing:3412 - To improve timing, see the Timing Closure User Guide (UG612).
INFO:Timing:2752 - To get complete path coverage, use the unconstrained paths 
   option. All paths that are not constrained will be reported in the 
   unconstrained paths section(s) of the report.
INFO:Timing:3339 - The clock-to-out numbers in this timing report are based on 
   a 50 Ohm transmission line loading model.  For the details of this model, 
   and for more information on accounting for different loading conditions, 
   please see the device datasheet.



Data Sheet report:
-----------------
All values displayed in nanoseconds (ns)

Setup/Hold to clock Clk
------------+------------+------------+------------+------------+------------------+--------+
            |Max Setup to|  Process   |Max Hold to |  Process   |                  | Clock  |
Source      | clk (edge) |   Corner   | clk (edge) |   Corner   |Internal Clock(s) | Phase  |
------------+------------+------------+------------+------------+------------------+--------+
RS232_RX    |    0.542(R)|      FAST  |    0.245(R)|      SLOW  |Clk_BUFGP         |   0.000|
Reset       |    5.395(R)|      SLOW  |    0.595(R)|      SLOW  |Clk_BUFGP         |   0.000|
------------+------------+------------+------------+------------+------------------+--------+

Clock Clk to Pad
------------+-----------------+------------+-----------------+------------+------------------+--------+
            |Max (slowest) clk|  Process   |Min (fastest) clk|  Process   |                  | Clock  |
Destination |  (edge) to PAD  |   Corner   |  (edge) to PAD  |   Corner   |Internal Clock(s) | Phase  |
------------+-----------------+------------+-----------------+------------+------------------+--------+
RS232_TX    |         9.945(R)|      SLOW  |         4.084(R)|      FAST  |Clk_BUFGP         |   0.000|
Temp_H<0>   |         7.944(R)|      SLOW  |         4.230(R)|      FAST  |Clk_BUFGP         |   0.000|
Temp_H<1>   |         7.948(R)|      SLOW  |         4.234(R)|      FAST  |Clk_BUFGP         |   0.000|
Temp_H<2>   |         7.616(R)|      SLOW  |         4.055(R)|      FAST  |Clk_BUFGP         |   0.000|
Temp_H<3>   |         7.890(R)|      SLOW  |         4.227(R)|      FAST  |Clk_BUFGP         |   0.000|
Temp_H<4>   |         7.619(R)|      SLOW  |         3.984(R)|      FAST  |Clk_BUFGP         |   0.000|
Temp_H<5>   |         7.467(R)|      SLOW  |         3.906(R)|      FAST  |Clk_BUFGP         |   0.000|
Temp_H<6>   |         7.498(R)|      SLOW  |         3.945(R)|      FAST  |Clk_BUFGP         |   0.000|
Temp_L<0>   |         8.906(R)|      SLOW  |         4.826(R)|      FAST  |Clk_BUFGP         |   0.000|
Temp_L<1>   |         8.976(R)|      SLOW  |         4.846(R)|      FAST  |Clk_BUFGP         |   0.000|
Temp_L<2>   |         9.199(R)|      SLOW  |         5.043(R)|      FAST  |Clk_BUFGP         |   0.000|
Temp_L<3>   |         9.187(R)|      SLOW  |         4.993(R)|      FAST  |Clk_BUFGP         |   0.000|
Temp_L<4>   |         8.941(R)|      SLOW  |         4.861(R)|      FAST  |Clk_BUFGP         |   0.000|
Temp_L<5>   |         8.659(R)|      SLOW  |         4.681(R)|      FAST  |Clk_BUFGP         |   0.000|
Temp_L<6>   |         9.164(R)|      SLOW  |         5.008(R)|      FAST  |Clk_BUFGP         |   0.000|
switches<0> |         6.910(R)|      SLOW  |         3.535(R)|      FAST  |Clk_BUFGP         |   0.000|
switches<1> |         6.910(R)|      SLOW  |         3.535(R)|      FAST  |Clk_BUFGP         |   0.000|
switches<2> |         6.521(R)|      SLOW  |         3.334(R)|      FAST  |Clk_BUFGP         |   0.000|
switches<3> |         6.521(R)|      SLOW  |         3.334(R)|      FAST  |Clk_BUFGP         |   0.000|
switches<4> |         6.792(R)|      SLOW  |         3.483(R)|      FAST  |Clk_BUFGP         |   0.000|
switches<5> |         6.959(R)|      SLOW  |         3.612(R)|      FAST  |Clk_BUFGP         |   0.000|
switches<6> |         6.978(R)|      SLOW  |         3.590(R)|      FAST  |Clk_BUFGP         |   0.000|
switches<7> |         6.978(R)|      SLOW  |         3.590(R)|      FAST  |Clk_BUFGP         |   0.000|
------------+-----------------+------------+-----------------+------------+------------------+--------+

Clock to Setup on destination clock Clk
---------------+---------+---------+---------+---------+
               | Src:Rise| Src:Fall| Src:Rise| Src:Fall|
Source Clock   |Dest:Rise|Dest:Rise|Dest:Fall|Dest:Fall|
---------------+---------+---------+---------+---------+
Clk            |    9.106|         |         |         |
---------------+---------+---------+---------+---------+


Analysis completed Thu Jan 21 22:40:54 2016 
--------------------------------------------------------------------------------

Trace Settings:
-------------------------
Trace Settings 

Peak Memory Usage: 243 MB



